20:24:27 **** Incremental Build of configuration Debug for project adventures_with_ip ****
make all 
make --no-print-directory pre-build
a9-linaro-pre-build-step
' '
make --no-print-directory main-build
'Building file: ../src/ip_functions.c'
'Invoking: ARM v7 gcc compiler'
arm-none-eabi-gcc -Wall -O0 -g3 -c -fmessage-length=0 -MT"src/ip_functions.o" -mcpu=cortex-a9 -mfpu=vfpv3 -mfloat-abi=hard -IC:/Users/cryst/Documents/ensc-452/AudioTutorial/adventures_with_ip/ip_design_wrapper/export/ip_design_wrapper/sw/ip_design_wrapper/standalone_ps7_cortexa9_0/bspinclude/include -MMD -MP -MF"src/ip_functions.d" -MT"src/ip_functions.o" -o "src/ip_functions.o" "../src/ip_functions.c"
'Finished building: ../src/ip_functions.c'
' '
'Building target: adventures_with_ip.elf'
'Invoking: ARM v7 gcc linker'
arm-none-eabi-gcc -mcpu=cortex-a9 -mfpu=vfpv3 -mfloat-abi=hard -Wl,-build-id=none -specs=Xilinx.spec -Wl,-T -Wl,../src/lscript.ld -LC:/Users/cryst/Documents/ensc-452/AudioTutorial/adventures_with_ip/ip_design_wrapper/export/ip_design_wrapper/sw/ip_design_wrapper/standalone_ps7_cortexa9_0/bsplib/lib -o "adventures_with_ip.elf"  ./src/adventures_with_ip.o ./src/audio.o ./src/ip_functions.o   -Wl,--start-group,-lxil,-lgcc,-lc,--end-group
'Finished building target: adventures_with_ip.elf'
' '
'Invoking: ARM v7 Print Size'
arm-none-eabi-size adventures_with_ip.elf  |tee "adventures_with_ip.elf.size"
   text	   data	    bss	    dec	    hex	filename
  36620	   1960	 559272	 597852	  91f5c	adventures_with_ip.elf
'Finished building: adventures_with_ip.elf.size'
' '

20:24:28 Build Finished (took 1s.206ms)

