13:49:39 **** Incremental Build of configuration Debug for project lfsr ****
make all 
make --no-print-directory pre-build
a9-linaro-pre-build-step
' '
make --no-print-directory main-build
'Building file: ../src/ip_functions.c'
'Invoking: ARM v7 gcc compiler'
arm-none-eabi-gcc -Wall -O0 -g3 -c -fmessage-length=0 -MT"src/ip_functions.o" -mcpu=cortex-a9 -mfpu=vfpv3 -mfloat-abi=hard -IC:/Users/cjw18/Desktop/GitHub/ensc-452/AudioTutorial/adventures_with_ip/ip_design_wrapper_1/export/ip_design_wrapper_1/sw/ip_design_wrapper_1/standalone_ps7_cortexa9_0/bspinclude/include -MMD -MP -MF"src/ip_functions.d" -MT"src/ip_functions.o" -o "src/ip_functions.o" "../src/ip_functions.c"
'Finished building: ../src/ip_functions.c'
' '
'Building target: lfsr.elf'
'Invoking: ARM v7 gcc linker'
arm-none-eabi-gcc -mcpu=cortex-a9 -mfpu=vfpv3 -mfloat-abi=hard -Wl,-build-id=none -specs=Xilinx.spec -Wl,-T -Wl,../src/lscript.ld -LC:/Users/cjw18/Desktop/GitHub/ensc-452/AudioTutorial/adventures_with_ip/ip_design_wrapper_1/export/ip_design_wrapper_1/sw/ip_design_wrapper_1/standalone_ps7_cortexa9_0/bsplib/lib -o "lfsr.elf"  ./src/adventures_with_ip.o ./src/audio.o ./src/ip_functions.o   -Wl,--start-group,-lxil,-lgcc,-lc,--end-group
'Finished building target: lfsr.elf'
' '
'Invoking: ARM v7 Print Size'
arm-none-eabi-size lfsr.elf  |tee "lfsr.elf.size"
   text	   data	    bss	    dec	    hex	filename
  36692	   1960	 563368	 602020	  92fa4	lfsr.elf
'Finished building: lfsr.elf.size'
' '

13:49:40 Build Finished (took 1s.568ms)

