#-----------------------------------------------------------
# Vivado v2020.2 (64-bit)
# SW Build 3064766 on Wed Nov 18 09:12:45 MST 2020
# IP Build 3064653 on Wed Nov 18 14:17:31 MST 2020
# Start of session at: Fri Mar 21 13:42:08 2025
# Process ID: 15776
# Current directory: C:/Users/dumpherv/Desktop/ensc-452/Multicore/adventures_with_ip
# Command line: vivado.exe -gui_launcher_event rodinguilauncherevent8276 C:\Users\dumpherv\Desktop\ensc-452\Multicore\adventures_with_ip\adventures_with_ip.xpr
# Log file: C:/Users/dumpherv/Desktop/ensc-452/Multicore/adventures_with_ip/vivado.log
# Journal file: C:/Users/dumpherv/Desktop/ensc-452/Multicore/adventures_with_ip\vivado.jou
#-----------------------------------------------------------
start_gui
open_project C:/Users/dumpherv/Desktop/ensc-452/Multicore/adventures_with_ip/adventures_with_ip.xpr
open_bd_design {C:/Users/dumpherv/Desktop/ensc-452/Multicore/adventures_with_ip/adventures_with_ip.srcs/sources_1/bd/ip_design/ip_design.bd}
update_compile_order -fileset sources_1
