13:38:36 **** Incremental Build of configuration Debug for project vga10 ****
make all 
make --no-print-directory pre-build
a9-linaro-pre-build-step
' '
make --no-print-directory main-build
'Building file: ../src/main.cc'
'Invoking: ARM v7 g++ compiler'
arm-none-eabi-g++ -Wall -O0 -g3 -c -fmessage-length=0 -MT"src/main.o" -mcpu=cortex-a9 -mfpu=vfpv3 -mfloat-abi=hard -IC:/Users/dumpherv/Desktop/452Project/ensc-452/Multicore/adventures_with_ip/multicore1/export/multicore1/sw/multicore1/vga10/bspinclude/include -MMD -MP -MF"src/main.d" -MT"src/main.o" -o "src/main.o" "../src/main.cc"
'Finished building: ../src/main.cc'
' '
'Building target: vga10.elf'
'Invoking: ARM v7 g++ linker'
arm-none-eabi-g++ -mcpu=cortex-a9 -mfpu=vfpv3 -mfloat-abi=hard -Wl,-build-id=none -specs=Xilinx.spec -Wl,-T -Wl,../src/lscript.ld -LC:/Users/dumpherv/Desktop/452Project/ensc-452/Multicore/adventures_with_ip/multicore1/export/multicore1/sw/multicore1/vga10/bsplib/lib -o "vga10.elf"  ./src/main.o   -Wl,--start-group,-lxil,-lgcc,-lc,-lstdc++,--end-group
'Finished building target: vga10.elf'
' '
'Invoking: ARM v7 Print Size'
arm-none-eabi-size vga10.elf  |tee "vga10.elf.size"
   text	   data	    bss	    dec	    hex	filename
  43616	   3016	  22704	  69336	  10ed8	vga10.elf
'Finished building: vga10.elf.size'
' '

13:38:38 Build Finished (took 1s.580ms)

