22:55:44 **** Auto Build of configuration Debug for project interrupt_counter ****
make all 
'Building file: ../src/interrupt_counter_tut_2B.c'
'Invoking: ARM gcc compiler'
arm-xilinx-eabi-gcc -Wall -O0 -g3 -c -fmessage-length=0 -MT"src/interrupt_counter_tut_2B.o" -I../../interrupt_counter_bsp/ps7_cortexa9_0/include -MMD -MP -MF"src/interrupt_counter_tut_2B.d" -MT"src/interrupt_counter_tut_2B.d" -o "src/interrupt_counter_tut_2B.o" "../src/interrupt_counter_tut_2B.c"
'Finished building: ../src/interrupt_counter_tut_2B.c'
' '
'Building target: interrupt_counter.elf'
'Invoking: ARM gcc linker'
arm-xilinx-eabi-gcc -Wl,-T -Wl,../src/lscript.ld -L../../interrupt_counter_bsp/ps7_cortexa9_0/lib -o "interrupt_counter.elf"  ./src/interrupt_counter_tut_2B.o   -Wl,--start-group,-lxil,-lgcc,-lc,--end-group
'Finished building target: interrupt_counter.elf'
' '
'Invoking: ARM Print Size'
arm-xilinx-eabi-size interrupt_counter.elf  |tee "interrupt_counter.elf.size"
   text	   data	    bss	    dec	    hex	filename
  25048	   1952	  22628	  49628	   c1dc	interrupt_counter.elf
'Finished building: interrupt_counter.elf.size'
' '

22:55:44 Build Finished (took 661ms)

