Nothing to build in platform 'MulticorePlatform'

14:12:07 **** Incremental Build of configuration Debug for project vga ****
make all 
make --no-print-directory pre-build
a9-linaro-pre-build-step
' '
make --no-print-directory main-build
'Building file: ../src/main.cc'
'Invoking: ARM v7 g++ compiler'
arm-none-eabi-g++ -Wall -O0 -g3 -c -fmessage-length=0 -MT"src/main.o" -mcpu=cortex-a9 -mfpu=vfpv3 -mfloat-abi=hard -IC:/Users/cjw18/Desktop/ensc-452/Milestone_1/MulticorePlatform/export/MulticorePlatform/sw/MulticorePlatform/standalone_domain/bspinclude/include -MMD -MP -MF"src/main.d" -MT"src/main.o" -o "src/main.o" "../src/main.cc"
'Finished building: ../src/main.cc'
' '
'Building target: vga.elf'
'Invoking: ARM v7 g++ linker'
arm-none-eabi-g++ -mcpu=cortex-a9 -mfpu=vfpv3 -mfloat-abi=hard -Wl,-build-id=none -specs=Xilinx.spec -Wl,-T -Wl,../src/lscript.ld -LC:/Users/cjw18/Desktop/ensc-452/Milestone_1/MulticorePlatform/export/MulticorePlatform/sw/MulticorePlatform/standalone_domain/bsplib/lib -o "vga.elf"  ./src/game.o ./src/main.o   -Wl,--start-group,-lxil,-lgcc,-lc,-lstdc++,--end-group
'Finished building target: vga.elf'
' '
'Invoking: ARM v7 Print Size'
arm-none-eabi-size vga.elf  |tee "vga.elf.size"
   text	   data	    bss	    dec	    hex	filename
  48420	   3008	  22752	  74180	  121c4	vga.elf
'Finished building: vga.elf.size'
' '
